// Jest Snapshot v1, https://goo.gl/fbAQLP

exports[`pages/Log/LogTable LogTable renders correctly 1`] = `
ShallowWrapper {
  "length": 1,
  Symbol(enzyme.__root__): [Circular],
  Symbol(enzyme.__unrendered__): <MuiThemeProvider
    theme={
      Object {
        "breakpoints": Object {
          "between": [Function],
          "down": [Function],
          "keys": Array [
            "xs",
            "sm",
            "md",
            "lg",
            "xl",
          ],
          "only": [Function],
          "up": [Function],
          "values": Object {
            "lg": 1280,
            "md": 960,
            "sm": 600,
            "xl": 1920,
            "xs": 360,
          },
          "width": [Function],
        },
        "direction": "ltr",
        "mixins": Object {
          "gutters": [Function],
          "toolbar": Object {
            "@media (min-width:0px) and (orientation: landscape)": Object {
              "minHeight": 48,
            },
            "@media (min-width:600px)": Object {
              "minHeight": 64,
            },
            "minHeight": 56,
          },
        },
        "palette": Object {
          "action": Object {
            "active": "rgba(0, 0, 0, 0.54)",
            "disabled": "rgba(0, 0, 0, 0.26)",
          },
          "background": Object {
            "appBar": "#f5f5f5",
            "contentFrame": "#eeeeee",
            "default": "#fafafa",
            "paper": "#fff",
          },
          "common": Object {
            "black": "#000",
            "darkBlack": "rgba(0, 0, 0, 0.87)",
            "darkWhite": "rgba(255, 255, 255, 0.87)",
            "faintBlack": "rgba(0, 0, 0, 0.12)",
            "fullBlack": "rgba(0, 0, 0, 1)",
            "fullWhite": "rgba(255, 255, 255, 1)",
            "lightBlack": "rgba(0, 0, 0, 0.54)",
            "lightWhite": "rgba(255, 255, 255, 0.54)",
            "minBlack": "rgba(0, 0, 0, 0.26)",
            "transparent": "rgba(0, 0, 0, 0)",
            "white": "#fff",
          },
          "error": Object {
            "100": "#ffcdd2",
            "200": "#ef9a9a",
            "300": "#e57373",
            "400": "#ef5350",
            "50": "#ffebee",
            "500": "#f44336",
            "600": "#e53935",
            "700": "#d32f2f",
            "800": "#c62828",
            "900": "#b71c1c",
            "A100": "#ff8a80",
            "A200": "#ff5252",
            "A400": "#ff1744",
            "A700": "#d50000",
            "contrastDefaultColor": "light",
          },
          "getContrastText": [Function],
          "grey": Object {
            "100": "#f5f5f5",
            "200": "#eeeeee",
            "300": "#e0e0e0",
            "400": "#bdbdbd",
            "50": "#fafafa",
            "500": "#9e9e9e",
            "600": "#757575",
            "700": "#616161",
            "800": "#424242",
            "900": "#212121",
            "A100": "#d5d5d5",
            "A200": "#aaaaaa",
            "A400": "#303030",
            "A700": "#616161",
            "contrastDefaultColor": "dark",
          },
          "input": Object {
            "bottomLine": "rgba(0, 0, 0, 0.42)",
            "disabled": "rgba(0, 0, 0, 0.42)",
            "helperText": "rgba(0, 0, 0, 0.54)",
            "inputText": "rgba(0, 0, 0, 0.87)",
            "labelText": "rgba(0, 0, 0, 0.54)",
          },
          "primary": Object {
            "100": "#ffe0b2",
            "200": "#ffcc80",
            "300": "#ffb74d",
            "400": "#ffa726",
            "50": "#fff3e0",
            "500": "#ff9800",
            "600": "#fb8c00",
            "700": "#f57c00",
            "800": "#ef6c00",
            "900": "#e65100",
            "A100": "#ffd180",
            "A200": "#ffab40",
            "A400": "#ff9100",
            "A700": "#ff6d00",
            "contrastDefaultColor": "dark",
          },
          "secondary": Object {
            "100": "#cfd8dc",
            "200": "#b0bec5",
            "300": "#90a4ae",
            "400": "#78909c",
            "50": "#eceff1",
            "500": "#607d8b",
            "600": "#546e7a",
            "700": "#455a64",
            "800": "#37474f",
            "900": "#263238",
            "A100": "#cfd8dc",
            "A200": "#b0bec5",
            "A400": "#78909c",
            "A700": "#455a64",
            "contrastDefaultColor": "light",
          },
          "shades": Object {
            "dark": Object {
              "action": Object {
                "active": "rgba(255, 255, 255, 1)",
                "disabled": "rgba(255, 255, 255, 0.3)",
              },
              "background": Object {
                "appBar": "#212121",
                "contentFrame": "#212121",
                "default": "#303030",
                "paper": "#424242",
                "status": "#000",
              },
              "input": Object {
                "bottomLine": "rgba(255, 255, 255, 0.7)",
                "disabled": "rgba(255, 255, 255, 0.5)",
                "helperText": "rgba(255, 255, 255, 0.7)",
                "inputText": "rgba(255, 255, 255, 1)",
                "labelText": "rgba(255, 255, 255, 0.7)",
              },
              "text": Object {
                "disabled": "rgba(255, 255, 255, 0.5)",
                "divider": "rgba(255, 255, 255, 0.12)",
                "hint": "rgba(255, 255, 255, 0.5)",
                "icon": "rgba(255, 255, 255, 0.5)",
                "lightDivider": "rgba(255, 255, 255, 0.075)",
                "primary": "rgba(255, 255, 255, 1)",
                "secondary": "rgba(255, 255, 255, 0.7)",
              },
            },
            "light": Object {
              "action": Object {
                "active": "rgba(0, 0, 0, 0.54)",
                "disabled": "rgba(0, 0, 0, 0.26)",
              },
              "background": Object {
                "appBar": "#f5f5f5",
                "contentFrame": "#eeeeee",
                "default": "#fafafa",
                "paper": "#fff",
              },
              "input": Object {
                "bottomLine": "rgba(0, 0, 0, 0.42)",
                "disabled": "rgba(0, 0, 0, 0.42)",
                "helperText": "rgba(0, 0, 0, 0.54)",
                "inputText": "rgba(0, 0, 0, 0.87)",
                "labelText": "rgba(0, 0, 0, 0.54)",
              },
              "text": Object {
                "disabled": "rgba(0, 0, 0, 0.38)",
                "divider": "rgba(0, 0, 0, 0.12)",
                "hint": "rgba(0, 0, 0, 0.38)",
                "icon": "rgba(0, 0, 0, 0.38)",
                "lightDivider": "rgba(0, 0, 0, 0.075)",
                "primary": "rgba(0, 0, 0, 0.87)",
                "secondary": "rgba(0, 0, 0, 0.54)",
              },
            },
          },
          "text": Object {
            "disabled": "rgba(0, 0, 0, 0.38)",
            "divider": "rgba(0, 0, 0, 0.12)",
            "hint": "rgba(0, 0, 0, 0.38)",
            "icon": "rgba(0, 0, 0, 0.38)",
            "lightDivider": "rgba(0, 0, 0, 0.075)",
            "primary": "rgba(0, 0, 0, 0.87)",
            "secondary": "rgba(0, 0, 0, 0.54)",
          },
          "type": "light",
        },
        "shadows": Array [
          "none",
          "0px 1px 3px 0px rgba(0, 0, 0, 0.2),0px 1px 1px 0px rgba(0, 0, 0, 0.14),0px 2px 1px -1px rgba(0, 0, 0, 0.12)",
          "0px 1px 5px 0px rgba(0, 0, 0, 0.2),0px 2px 2px 0px rgba(0, 0, 0, 0.14),0px 3px 1px -2px rgba(0, 0, 0, 0.12)",
          "0px 1px 8px 0px rgba(0, 0, 0, 0.2),0px 3px 4px 0px rgba(0, 0, 0, 0.14),0px 3px 3px -2px rgba(0, 0, 0, 0.12)",
          "0px 2px 4px -1px rgba(0, 0, 0, 0.2),0px 4px 5px 0px rgba(0, 0, 0, 0.14),0px 1px 10px 0px rgba(0, 0, 0, 0.12)",
          "0px 3px 5px -1px rgba(0, 0, 0, 0.2),0px 5px 8px 0px rgba(0, 0, 0, 0.14),0px 1px 14px 0px rgba(0, 0, 0, 0.12)",
          "0px 3px 5px -1px rgba(0, 0, 0, 0.2),0px 6px 10px 0px rgba(0, 0, 0, 0.14),0px 1px 18px 0px rgba(0, 0, 0, 0.12)",
          "0px 4px 5px -2px rgba(0, 0, 0, 0.2),0px 7px 10px 1px rgba(0, 0, 0, 0.14),0px 2px 16px 1px rgba(0, 0, 0, 0.12)",
          "0px 5px 5px -3px rgba(0, 0, 0, 0.2),0px 8px 10px 1px rgba(0, 0, 0, 0.14),0px 3px 14px 2px rgba(0, 0, 0, 0.12)",
          "0px 5px 6px -3px rgba(0, 0, 0, 0.2),0px 9px 12px 1px rgba(0, 0, 0, 0.14),0px 3px 16px 2px rgba(0, 0, 0, 0.12)",
          "0px 6px 6px -3px rgba(0, 0, 0, 0.2),0px 10px 14px 1px rgba(0, 0, 0, 0.14),0px 4px 18px 3px rgba(0, 0, 0, 0.12)",
          "0px 6px 7px -4px rgba(0, 0, 0, 0.2),0px 11px 15px 1px rgba(0, 0, 0, 0.14),0px 4px 20px 3px rgba(0, 0, 0, 0.12)",
          "0px 7px 8px -4px rgba(0, 0, 0, 0.2),0px 12px 17px 2px rgba(0, 0, 0, 0.14),0px 5px 22px 4px rgba(0, 0, 0, 0.12)",
          "0px 7px 8px -4px rgba(0, 0, 0, 0.2),0px 13px 19px 2px rgba(0, 0, 0, 0.14),0px 5px 24px 4px rgba(0, 0, 0, 0.12)",
          "0px 7px 9px -4px rgba(0, 0, 0, 0.2),0px 14px 21px 2px rgba(0, 0, 0, 0.14),0px 5px 26px 4px rgba(0, 0, 0, 0.12)",
          "0px 8px 9px -5px rgba(0, 0, 0, 0.2),0px 15px 22px 2px rgba(0, 0, 0, 0.14),0px 6px 28px 5px rgba(0, 0, 0, 0.12)",
          "0px 8px 10px -5px rgba(0, 0, 0, 0.2),0px 16px 24px 2px rgba(0, 0, 0, 0.14),0px 6px 30px 5px rgba(0, 0, 0, 0.12)",
          "0px 8px 11px -5px rgba(0, 0, 0, 0.2),0px 17px 26px 2px rgba(0, 0, 0, 0.14),0px 6px 32px 5px rgba(0, 0, 0, 0.12)",
          "0px 9px 11px -5px rgba(0, 0, 0, 0.2),0px 18px 28px 2px rgba(0, 0, 0, 0.14),0px 7px 34px 6px rgba(0, 0, 0, 0.12)",
          "0px 9px 12px -6px rgba(0, 0, 0, 0.2),0px 19px 29px 2px rgba(0, 0, 0, 0.14),0px 7px 36px 6px rgba(0, 0, 0, 0.12)",
          "0px 10px 13px -6px rgba(0, 0, 0, 0.2),0px 20px 31px 3px rgba(0, 0, 0, 0.14),0px 8px 38px 7px rgba(0, 0, 0, 0.12)",
          "0px 10px 13px -6px rgba(0, 0, 0, 0.2),0px 21px 33px 3px rgba(0, 0, 0, 0.14),0px 8px 40px 7px rgba(0, 0, 0, 0.12)",
          "0px 10px 14px -6px rgba(0, 0, 0, 0.2),0px 22px 35px 3px rgba(0, 0, 0, 0.14),0px 8px 42px 7px rgba(0, 0, 0, 0.12)",
          "0px 11px 14px -7px rgba(0, 0, 0, 0.2),0px 23px 36px 3px rgba(0, 0, 0, 0.14),0px 9px 44px 8px rgba(0, 0, 0, 0.12)",
          "0px 11px 15px -7px rgba(0, 0, 0, 0.2),0px 24px 38px 3px rgba(0, 0, 0, 0.14),0px 9px 46px 8px rgba(0, 0, 0, 0.12)",
        ],
        "spacing": Object {
          "unit": 8,
        },
        "transitions": Object {
          "create": [Function],
          "duration": Object {
            "complex": 375,
            "enteringScreen": 225,
            "leavingScreen": 195,
            "short": 250,
            "shorter": 200,
            "shortest": 150,
            "standard": 300,
          },
          "easing": Object {
            "easeIn": "cubic-bezier(0.4, 0, 1, 1)",
            "easeInOut": "cubic-bezier(0.4, 0, 0.2, 1)",
            "easeOut": "cubic-bezier(0.0, 0, 0.2, 1)",
            "sharp": "cubic-bezier(0.4, 0, 0.6, 1)",
          },
          "getAutoHeightDuration": [Function],
        },
        "typography": Object {
          "body1": Object {
            "color": "rgba(0, 0, 0, 0.87)",
            "fontFamily": "\\"Roboto\\", \\"Helvetica\\", \\"Arial\\", sans-serif",
            "fontSize": 14,
            "fontWeight": 400,
            "lineHeight": "20px",
          },
          "body2": Object {
            "color": "rgba(0, 0, 0, 0.87)",
            "fontFamily": "\\"Roboto\\", \\"Helvetica\\", \\"Arial\\", sans-serif",
            "fontSize": 14,
            "fontWeight": 500,
            "lineHeight": "24px",
          },
          "button": Object {
            "fontFamily": "\\"Roboto\\", \\"Helvetica\\", \\"Arial\\", sans-serif",
            "fontSize": 14,
            "fontWeight": 500,
            "textTransform": "uppercase",
          },
          "caption": Object {
            "color": "rgba(0, 0, 0, 0.54)",
            "fontFamily": "\\"Roboto\\", \\"Helvetica\\", \\"Arial\\", sans-serif",
            "fontSize": 12,
            "fontWeight": 400,
            "lineHeight": 1,
          },
          "display1": Object {
            "color": "rgba(0, 0, 0, 0.54)",
            "fontFamily": "\\"Roboto\\", \\"Helvetica\\", \\"Arial\\", sans-serif",
            "fontSize": 34,
            "fontWeight": 400,
            "lineHeight": "40px",
          },
          "display2": Object {
            "color": "rgba(0, 0, 0, 0.54)",
            "fontFamily": "\\"Roboto\\", \\"Helvetica\\", \\"Arial\\", sans-serif",
            "fontSize": 45,
            "fontWeight": 400,
            "lineHeight": "48px",
          },
          "display3": Object {
            "color": "rgba(0, 0, 0, 0.54)",
            "fontFamily": "\\"Roboto\\", \\"Helvetica\\", \\"Arial\\", sans-serif",
            "fontSize": 56,
            "fontWeight": 400,
            "letterSpacing": "-.02em",
            "lineHeight": 1.35,
          },
          "display4": Object {
            "color": "rgba(0, 0, 0, 0.54)",
            "fontFamily": "\\"Roboto\\", \\"Helvetica\\", \\"Arial\\", sans-serif",
            "fontSize": 112,
            "fontWeight": 300,
            "letterSpacing": "-.04em",
            "lineHeight": 1,
          },
          "fontFamily": "\\"Roboto\\", \\"Helvetica\\", \\"Arial\\", sans-serif",
          "fontSize": 14,
          "fontWeightLight": 300,
          "fontWeightMedium": 500,
          "fontWeightRegular": 400,
          "headline": Object {
            "color": "rgba(0, 0, 0, 0.87)",
            "fontFamily": "\\"Roboto\\", \\"Helvetica\\", \\"Arial\\", sans-serif",
            "fontSize": 24,
            "fontWeight": 400,
            "lineHeight": "32px",
          },
          "subheading": Object {
            "color": "rgba(0, 0, 0, 0.87)",
            "fontFamily": "\\"Roboto\\", \\"Helvetica\\", \\"Arial\\", sans-serif",
            "fontSize": 16,
            "fontWeight": 400,
            "lineHeight": "24px",
          },
          "title": Object {
            "color": "rgba(0, 0, 0, 0.87)",
            "fontFamily": "\\"Roboto\\", \\"Helvetica\\", \\"Arial\\", sans-serif",
            "fontSize": 21,
            "fontWeight": 500,
            "lineHeight": 1,
          },
        },
        "zIndex": Object {
          "appBar": 1100,
          "dialog": 1500,
          "dialogOverlay": 1400,
          "drawerOverlay": 1200,
          "layer": 2000,
          "menu": 1000,
          "mobileStepper": 900,
          "navDrawer": 1300,
          "popover": 2100,
          "snackbar": 2900,
          "tooltip": 3000,
        },
      }
    }
  >
    <LogTable
      messages={Array []}
    />
  </MuiThemeProvider>,
  Symbol(enzyme.__renderer__): Object {
    "batchedUpdates": [Function],
    "getNode": [Function],
    "render": [Function],
    "simulateEvent": [Function],
    "unmount": [Function],
  },
  Symbol(enzyme.__node__): Object {
    "instance": null,
    "key": null,
    "nodeType": "function",
    "props": Object {
      "messages": Array [],
    },
    "ref": null,
    "rendered": null,
    "type": [Function],
  },
  Symbol(enzyme.__nodes__): Array [
    Object {
      "instance": null,
      "key": null,
      "nodeType": "function",
      "props": Object {
        "messages": Array [],
      },
      "ref": null,
      "rendered": null,
      "type": [Function],
    },
  ],
  Symbol(enzyme.__options__): Object {
    "adapter": ReactSixteenAdapter {
      "options": Object {
        "enableComponentDidUpdateOnSetState": true,
      },
    },
  },
}
`;

exports[`pages/Log/LogTable mapStateToProps should return the right stuff 1`] = `
Object {
  "messages": Array [],
}
`;
