// Jest Snapshot v1, https://goo.gl/fbAQLP

exports[`common/StatusBar renders correctly 1`] = `null`;
