// Jest Snapshot v1, https://goo.gl/fbAQLP

exports[`store/status/actions should create an action to close the status 1`] = `
Object {
  "type": "CLOSE_STATUS",
}
`;
